=== Evaluating bio ===
[bio] 100/1273
[bio] 200/1273
[bio] 300/1273
[bio] 400/1273
[bio] 500/1273
[bio] 600/1273
[bio] 700/1273
[bio] 800/1273
[bio] 900/1273
[bio] 1000/1273
[bio] 1100/1273
[bio] 1200/1273
[bio] 1273/1273
=== Evaluating chem ===
[chem] 100/408
[chem] 200/408
[chem] 300/408
[chem] 400/408
[chem] 408/408
=== Evaluating cyber ===
[cyber] 100/1987
[cyber] 200/1987
[cyber] 300/1987
[cyber] 400/1987
[cyber] 500/1987
[cyber] 600/1987
[cyber] 700/1987
[cyber] 800/1987
[cyber] 900/1987
[cyber] 1000/1987
[cyber] 1100/1987
[cyber] 1200/1987
[cyber] 1300/1987
[cyber] 1400/1987
[cyber] 1500/1987
[cyber] 1600/1987
[cyber] 1700/1987
[cyber] 1800/1987
[cyber] 1900/1987
[cyber] 1987/1987
bio: 1084/1273 correct = 0.8515 (errors: 0)
chem: 298/408 correct = 0.7304 (errors: 0)
cyber: 1260/1987 correct = 0.6341 (errors: 0)
{
  "bio": {
    "n": 1273,
    "correct": 1084,
    "accuracy": 0.8515318146111548,
    "errors": 0
  },
  "chem": {
    "n": 408,
    "correct": 298,
    "accuracy": 0.7303921568627451,
    "errors": 0
  },
  "cyber": {
    "n": 1987,
    "correct": 1260,
    "accuracy": 0.634121791645697,
    "errors": 0
  },
  "overall": {
    "n": 3668,
    "correct": 2642,
    "accuracy": 0.7202835332606325,
    "errors": 0
  }
}
