=== Evaluating labbench-cloning ===
[labbench-cloning] 33/33
=== Evaluating labbench-protocol ===
[labbench-protocol] 100/108
[labbench-protocol] 108/108
=== Evaluating labbench-seq ===
[labbench-seq] 100/600
[labbench-seq] 200/600
[labbench-seq] 300/600
[labbench-seq] 400/600
[labbench-seq] 500/600
[labbench-seq] 600/600
labbench-cloning: 15/33 correct = 0.4545 (errors: 1)
labbench-protocol: 58/108 correct = 0.5370 (errors: 0)
labbench-seq: 371/600 correct = 0.6183 (errors: 0)
{
  "labbench-cloning": {
    "n": 33,
    "correct": 15,
    "accuracy": 0.45454545454545453,
    "errors": 1
  },
  "labbench-protocol": {
    "n": 108,
    "correct": 58,
    "accuracy": 0.5370370370370371,
    "errors": 0
  },
  "labbench-seq": {
    "n": 600,
    "correct": 371,
    "accuracy": 0.6183333333333333,
    "errors": 0
  },
  "overall": {
    "n": 741,
    "correct": 444,
    "accuracy": 0.5991902834008097,
    "errors": 1
  }
}
